// Jest Snapshot v1, https://goo.gl/fbAQLP

exports[`WebhooksIndexPage redering render with minimal props 1`] = `
<Fragment>
  <WebhookCreateModal
    onCancel={[MockFunction]}
    onSuccess={[Function]}
  />
  <PageLayout
    header="Webhooks"
    isLoading={false}
    onBookmarkClick={[MockFunction]}
    onSearch={[MockFunction]}
    searchProps={
      Object {
        "autocomplete": Object {
          "id": "searchBar",
          "searchQuery": "",
          "url": "webhooks/auto_complete_search",
          "useKeyShortcuts": true,
        },
        "bookmarks": Object {
          "canCreateBookmarks": true,
          "documentationUrl": "4.1.5Searching",
          "url": "/api/bookmarks",
        },
        "controller": "webhooks",
      }
    }
    searchQuery=""
    searchable={true}
    toastNotifications={Array []}
    toolbarButtons={
      <Button
        active={false}
        block={false}
        bsClass="btn"
        bsStyle="primary"
        disabled={false}
        onClick={[MockFunction]}
      >
        Create Webhook
      </Button>
    }
  >
    <WrappedWebhooksTable
      fetchAndPush={[MockFunction]}
      hasData={false}
      hasError={false}
      isLoading={false}
      itemCount={0}
      message={
        Object {
          "text": "Try to create a new Webhook",
          "type": "empty",
        }
      }
      pagination={
        Object {
          "page": null,
          "perPage": null,
        }
      }
      reloadWithSearch={[MockFunction]}
      results={Array []}
      setToDelete={[Function]}
      setToEdit={[Function]}
      sort={Object {}}
      toDelete={Object {}}
      toEdit={0}
    />
  </PageLayout>
</Fragment>
`;
