// Jest Snapshot v1, https://goo.gl/fbAQLP

exports[`enabledCellFormatter render 1`] = `
<EnabledCell
  condition={true}
/>
`;
